[debug] [2026-07-25T19:09:14.750Z] ----------------------------------------------------------------------
[debug] [2026-07-25T19:09:14.754Z] Command:       /home/digwijay/.nvm/versions/node/v22.19.0/bin/node /home/digwijay/.local/share/pnpm/global/5/.pnpm/firebase-tools@15.24.0_@types+node@26.1.1/node_modules/firebase-tools/lib/bin/firebase.js init hosting
[debug] [2026-07-25T19:09:14.755Z] CLI Version:   15.24.0
[debug] [2026-07-25T19:09:14.755Z] Platform:      linux
[debug] [2026-07-25T19:09:14.755Z] Node Version:  v22.19.0
[debug] [2026-07-25T19:09:14.755Z] Detected Agent: unknown
[debug] [2026-07-25T19:09:14.756Z] Time:          Sun Jul 26 2026 00:39:14 GMT+0530 (India Standard Time)
[debug] [2026-07-25T19:09:14.756Z] ----------------------------------------------------------------------
[debug] 
[info] 
     ######## #### ########  ######## ########     ###     ######  ########
     ##        ##  ##     ## ##       ##     ##  ##   ##  ##       ##
     ######    ##  ########  ######   ########  #########  ######  ######
     ##        ##  ##    ##  ##       ##     ## ##     ##       ## ##
     ##       #### ##     ## ######## ########  ##     ##  ######  ########

You're about to initialize a Firebase project in this directory:

  /home/digwijay/Documents/ceasar-cipher-encryptor/sandesam-app

Before we get started, keep in mind:

  * You are initializing within an existing Firebase project directory

[info] 
=== Project Setup
[info] 
[info] First, let's associate this project directory with a Firebase project.
[info] You can create multiple project aliases by running firebase use --add, 
[info] 
[debug] [2026-07-25T19:09:16.339Z] > command requires scopes: ["email","openid","https://www.googleapis.com/auth/cloudplatformprojects.readonly","https://www.googleapis.com/auth/firebase","https://www.googleapis.com/auth/cloud-platform"]
[debug] [2026-07-25T19:09:16.340Z] > authorizing via signed-in user (digwijay2@gmail.com)
[debug] [2026-07-25T19:09:16.365Z] Checked if tokens are valid: true, expires at: 1785009566062
[debug] [2026-07-25T19:09:16.365Z] Checked if tokens are valid: true, expires at: 1785009566062
[debug] [2026-07-25T19:09:16.367Z] >>> [apiv2][query] GET https://firebase.googleapis.com/v1beta1/projects/sandesam-app [none]
[debug] [2026-07-25T19:09:17.671Z] <<< [apiv2][status] GET https://firebase.googleapis.com/v1beta1/projects/sandesam-app 200
[debug] [2026-07-25T19:09:17.674Z] <<< [apiv2][body] GET https://firebase.googleapis.com/v1beta1/projects/sandesam-app {"projectId":"sandesam-app","projectNumber":"290597340897","displayName":"sandesam","name":"projects/sandesam-app","resources":{"hostingSite":"sandesam-app"},"state":"ACTIVE","labels":{"firebase":"enabled"},"etag":"1_36ab99b5-a05a-46c6-b458-e9b808b76b7c"}
[info] i  Using project sandesam-app (sandesam) . 
[info] 
=== Hosting Setup
